<ete:TopologicalErrors xmlns:ete="http://www.interactive-instruments.de/etf/topology-error/1.0" name="Tatsaechliche_Nutzung">
    <!-- find this hole -->
    <e i="1" t="HOLE_EMPTY_INTERIOR">
        <X>123720.119</X>
        <Y>4563121.334</Y>
        <IS>1215475745063</IS>
    </e>
</ete:TopologicalErrors>
